17:11:41 **** Incremental Build of configuration Debug for project Window_Lifter ****
make -j4 all 
Building file: ../src/main.c
Executing target #4 ../src/main.c
Invoking: Standard S32DS C Compiler
arm-none-eabi-gcc "@src/main.args" -MMD -MP -MF"src/main.d" -MT"src/main.o" -c -o "src/main.o" "../src/main.c"
../src/main.c: In function 'main':
../src/main.c:119:1: warning: control reaches end of non-void function [-Wreturn-type]
 }
 ^
Finished building: ../src/main.c
 
Building target: Window_Lifter.elf
Executing target #5 Window_Lifter.elf
Invoking: Standard S32DS C Linker
arm-none-eabi-gcc -o "Window_Lifter.elf" "@Window_Lifter.args"   
Finished building target: Window_Lifter.elf
 
Executing target #6 Window_Lifter.siz
Invoking: Standard S32DS Print Size
arm-none-eabi-size --format=berkeley  Window_Lifter.elf 
   text	   data	    bss	    dec	    hex	filename
   1944	      0	   3080	   5024	   13a0	Window_Lifter.elf
Finished building: Window_Lifter.siz
 
17:11:54 **** Incremental Build of configuration Debug for project Window_Lifter ****
make -j4 all 
Executing target #6 Window_Lifter.siz
Invoking: Standard S32DS Print Size
arm-none-eabi-size --format=berkeley  Window_Lifter.elf 
   text	   data	    bss	    dec	    hex	filename
   1944	      0	   3080	   5024	   13a0	Window_Lifter.elf
Finished building: Window_Lifter.siz
 
17:16:21 **** Incremental Build of configuration Debug for project Window_Lifter ****
make -j4 all 
Building file: ../src/main.c
Executing target #4 ../src/main.c
Invoking: Standard S32DS C Compiler
arm-none-eabi-gcc "@src/main.args" -MMD -MP -MF"src/main.d" -MT"src/main.o" -c -o "src/main.o" "../src/main.c"
Finished building: ../src/main.c
 
Building target: Window_Lifter.elf
Executing target #5 Window_Lifter.elf
Invoking: Standard S32DS C Linker
arm-none-eabi-gcc -o "Window_Lifter.elf" "@Window_Lifter.args"   
Finished building target: Window_Lifter.elf
 
Executing target #6 Window_Lifter.siz
Invoking: Standard S32DS Print Size
arm-none-eabi-size --format=berkeley  Window_Lifter.elf 
   text	   data	    bss	    dec	    hex	filename
   1992	      0	   3080	   5072	   13d0	Window_Lifter.elf
Finished building: Window_Lifter.siz
 
17:16:58 **** Incremental Build of configuration Debug for project Window_Lifter ****
make -j4 all 
Executing target #6 Window_Lifter.siz
Invoking: Standard S32DS Print Size
arm-none-eabi-size --format=berkeley  Window_Lifter.elf 
   text	   data	    bss	    dec	    hex	filename
   1992	      0	   3080	   5072	   13d0	Window_Lifter.elf
Finished building: Window_Lifter.siz
 
17:17:55 **** Incremental Build of configuration Debug for project Window_Lifter ****
make -j4 all 
Building file: ../src/main.c
Executing target #4 ../src/main.c
Invoking: Standard S32DS C Compiler
arm-none-eabi-gcc "@src/main.args" -MMD -MP -MF"src/main.d" -MT"src/main.o" -c -o "src/main.o" "../src/main.c"
Finished building: ../src/main.c
 
Building target: Window_Lifter.elf
Executing target #5 Window_Lifter.elf
Invoking: Standard S32DS C Linker
arm-none-eabi-gcc -o "Window_Lifter.elf" "@Window_Lifter.args"   
Finished building target: Window_Lifter.elf
 
Executing target #6 Window_Lifter.siz
Invoking: Standard S32DS Print Size
arm-none-eabi-size --format=berkeley  Window_Lifter.elf 
   text	   data	    bss	    dec	    hex	filename
   2052	      0	   3080	   5132	   140c	Window_Lifter.elf
Finished building: Window_Lifter.siz
 
17:18:51 **** Incremental Build of configuration Debug for project Window_Lifter ****
make -j4 all 
Building file: ../src/main.c
Executing target #4 ../src/main.c
Invoking: Standard S32DS C Compiler
arm-none-eabi-gcc "@src/main.args" -MMD -MP -MF"src/main.d" -MT"src/main.o" -c -o "src/main.o" "../src/main.c"
Finished building: ../src/main.c
 
Building target: Window_Lifter.elf
Executing target #5 Window_Lifter.elf
Invoking: Standard S32DS C Linker
arm-none-eabi-gcc -o "Window_Lifter.elf" "@Window_Lifter.args"   
Finished building target: Window_Lifter.elf
 
Executing target #6 Window_Lifter.siz
Invoking: Standard S32DS Print Size
arm-none-eabi-size --format=berkeley  Window_Lifter.elf 
   text	   data	    bss	    dec	    hex	filename
   2052	      0	   3080	   5132	   140c	Window_Lifter.elf
Finished building: Window_Lifter.siz
 
17:20:22 **** Incremental Build of configuration Debug for project Window_Lifter ****
make -j4 all 
Building file: ../src/main.c
Executing target #4 ../src/main.c
Invoking: Standard S32DS C Compiler
arm-none-eabi-gcc "@src/main.args" -MMD -MP -MF"src/main.d" -MT"src/main.o" -c -o "src/main.o" "../src/main.c"
Finished building: ../src/main.c
 
Building target: Window_Lifter.elf
Executing target #5 Window_Lifter.elf
Invoking: Standard S32DS C Linker
arm-none-eabi-gcc -o "Window_Lifter.elf" "@Window_Lifter.args"   
Finished building target: Window_Lifter.elf
 
Executing target #6 Window_Lifter.siz
Invoking: Standard S32DS Print Size
arm-none-eabi-size --format=berkeley  Window_Lifter.elf 
   text	   data	    bss	    dec	    hex	filename
   2064	      0	   3080	   5144	   1418	Window_Lifter.elf
Finished building: Window_Lifter.siz
 
17:23:43 **** Incremental Build of configuration Debug for project Window_Lifter ****
make -j4 all 
Building file: ../src/main.c
Executing target #4 ../src/main.c
Invoking: Standard S32DS C Compiler
arm-none-eabi-gcc "@src/main.args" -MMD -MP -MF"src/main.d" -MT"src/main.o" -c -o "src/main.o" "../src/main.c"
Finished building: ../src/main.c
 
Building target: Window_Lifter.elf
Executing target #5 Window_Lifter.elf
Invoking: Standard S32DS C Linker
arm-none-eabi-gcc -o "Window_Lifter.elf" "@Window_Lifter.args"   
Finished building target: Window_Lifter.elf
 
Executing target #6 Window_Lifter.siz
Invoking: Standard S32DS Print Size
arm-none-eabi-size --format=berkeley  Window_Lifter.elf 
   text	   data	    bss	    dec	    hex	filename
   2160	      0	   3080	   5240	   1478	Window_Lifter.elf
Finished building: Window_Lifter.siz
 
