11:28:17 **** Incremental Build of configuration Debug for project Example_2 ****
make -j4 all 
Building file: ../src/main.c
Executing target #4 ../src/main.c
Invoking: Standard S32DS C Compiler
arm-none-eabi-gcc "@src/main.args" -MMD -MP -MF"src/main.d" -MT"src/main.o" -c -o "src/main.o" "../src/main.c"
../src/main.c: In function 'main':
../src/main.c:35:2: warning: implicit declaration of function 'SOSC_init_8MHz' [-Wimplicit-function-declaration]
  SOSC_init_8MHz(); /* Initialize system oscillator for 8 MHz xtal */
  ^
../src/main.c:36:2: warning: implicit declaration of function 'SPLL_init_160MHz' [-Wimplicit-function-declaration]
  SPLL_init_160MHz(); /* Initialize sysclk to 160 MHz with 8 MHz SOSC */
  ^
../src/main.c:37:2: warning: implicit declaration of function 'NormalRUNmode_80MHz' [-Wimplicit-function-declaration]
  NormalRUNmode_80MHz(); /* Init clocks: 80 MHz sysclk & core, 40 MHz bus, 20 MHz flash */
  ^
../src/main.c: At top level:
../src/main.c:49:6: warning: conflicting types for 'SOSC_init_8MHz'
 void SOSC_init_8MHz(void) {
      ^
../src/main.c:35:2: note: previous implicit declaration of 'SOSC_init_8MHz' was here
  SOSC_init_8MHz(); /* Initialize system oscillator for 8 MHz xtal */
  ^
../src/main.c:64:6: warning: conflicting types for 'SPLL_init_160MHz'
 void SPLL_init_160MHz(void) {
      ^
../src/main.c:36:2: note: previous implicit declaration of 'SPLL_init_160MHz' was here
  SPLL_init_160MHz(); /* Initialize sysclk to 160 MHz with 8 MHz SOSC */
  ^
../src/main.c:79:6: warning: conflicting types for 'NormalRUNmode_80MHz'
 void NormalRUNmode_80MHz (void) { /* Change to normal RUN mode with 8MHz SOSC, 80 MHz PLL*/
      ^
../src/main.c:37:2: note: previous implicit declaration of 'NormalRUNmode_80MHz' was here
  NormalRUNmode_80MHz(); /* Init clocks: 80 MHz sysclk & core, 40 MHz bus, 20 MHz flash */
  ^
Finished building: ../src/main.c
 
Building target: Example_2.elf
Executing target #5 Example_2.elf
Invoking: Standard S32DS C Linker
arm-none-eabi-gcc -o "Example_2.elf" "@Example_2.args"   
Finished building target: Example_2.elf
 
Executing target #6 Example_2.siz
Invoking: Standard S32DS Print Size
arm-none-eabi-size --format=berkeley  Example_2.elf 
   text	   data	    bss	    dec	    hex	filename
   1880	      0	   3080	   4960	   1360	Example_2.elf
Finished building: Example_2.siz
 
11:28:31 **** Incremental Build of configuration Debug for project Example_2 ****
make -j4 all 
Executing target #6 Example_2.siz
Invoking: Standard S32DS Print Size
arm-none-eabi-size --format=berkeley  Example_2.elf 
   text	   data	    bss	    dec	    hex	filename
   1880	      0	   3080	   4960	   1360	Example_2.elf
Finished building: Example_2.siz
 
